PC        Binary                             Instruction                             
00        1101000000000101                   	MOV R0, #5                             
01        1101000100000100                   	MOV R1, #4                             
02        1101001000100001                   	MOV R2, #33                            
03        1010100000000001                   	CMP R0, R1                             
04        0010001000000001                   	BNE not_equal                          
05        1100000001100010                   	MOV R3, R2                             
06                                 not_equal                               
06        1101001100100001                   	MOV R3, #33                            
07        1010101000000011                   	CMP R2, R3                             
08        0010001000000001                   	BNE nogo                               
09        1110000000000000                   	HALT                                   
0a                                 nogo                                    
0a        1101011100101100                   	MOV R7, #44                            
