PC        Binary                             Instruction                             
00        1101000000000100                   	MOV R0, #4                             
01        1101000100000101                   	MOV R1, #5                             
02        1101001000000101                   	MOV R2, #5                             
03        1010101000000001                   	CMP R2, R1                             
04        0010000100000001                   	BEQ equal                              
05        1100000001100000                   	MOV R3, R0                             
06                                 equal                                   
06        1010000001100010                   	ADD R3, R0, R2                         
07        1010100100000000                   	CMP R1, R0                             
08        0010000100000001                   	BEQ shouldnt_go_here                   
09        1110000000000000                   	HALT                                   
0a                                 shouldnt_go_here                        
0a        1101011101001101                   	MOV R7, #77                            
