PC        Binary                             Instruction                             
00        1101000000000100                   	MOV R0, #4                             
01        1101000100000101                   	MOV R1, #5                             
02        1010100000000001                   	CMP R0, R1                             
03        0010010000000001                   	BLE lessequal                          
04        1101001000001100                   	MOV R2, #12                            
05                                 lessequal                               
05        1101001100010111                   	MOV R3, #23                            
06        1010100100000000                   	CMP R1, R0                             
07        0010000100000001                   	BEQ nogo                               
08        1110000000000000                   	HALT                                   
09                                 nogo                                    
09        1101011100001000                   	MOV R7, #8                             
