PC        Binary                             Instruction                             
00        1101000000000001                   	MOV R0, #1                             
01        1101000100000011                   	MOV R1, #3                             
02        1101001000000101                   	MOV R2, #5                             
03        1010100000000001                   	CMP R0, R1                             
04        0010001100000001                   	BLT less                               
05        1101001100101100                   	MOV R3, #44                            
06                                 less                                    
06        1101001101100011                   	MOV R3, #99                            
07        1010101000000001                   	CMP R2, R1	                            
08        0010001100000001                   	BLT nogo                               
09        1110000000000000                   	HALT                                   
0a                                 nogo                                    
0a        1101011100110111                   	MOV R7, #55                            
